---
source: src/lib.rs
expression: lint_output
---
  × [ERROR]: only-persistent-actor
   ╭─[<input_path>:5:14]
 4 │ 
 5 │ shared (msg) actor class() {
   ·              ──┬──
   ·                ╰── Only use persistent actors. Change `actor` to `persistent actor`.
 6 │   func letElse() {
   ╰────

  × [ERROR]: no-flexible
    ╭─[<input_path>:10:3]
  9 │ 
 10 │   flexible let flexibleLet = 42;
    ·   ────┬───
    ·       ╰── Do not use the `flexible` keyword. Use `transient` instead.
 11 │   stable let stableLet = 42;
    ╰────

  × [ERROR]: no-stable
    ╭─[<input_path>:11:3]
 10 │   flexible let flexibleLet = 42;
 11 │   stable let stableLet = 42;
    ·   ───┬──
    ·      ╰── Do not use the `stable` keyword. It's implicit when using persistent actors.
 12 │ 
    ╰────

  × [ERROR]: assign-plus
    ╭─[<input_path>:23:3]
 22 │ 
 23 │   x := 1 + x;
    ·   ─────┬────
    ·        ╰── Use `x += 1` instead of reassigning the variable.
 24 │   x := x + 2;
    ╰────

  × [ERROR]: assign-plus
    ╭─[<input_path>:24:3]
 23 │   x := 1 + x;
 24 │   x := x + 2;
    ·   ─────┬────
    ·        ╰── Use `x += 2` instead of reassigning the variable.
 25 │   x := x - 1;
    ╰────

  × [ERROR]: assign-minus
    ╭─[<input_path>:25:3]
 24 │   x := x + 2;
 25 │   x := x - 1;
    ·   ─────┬────
    ·        ╰── Use `x -= 1` instead of reassigning the variable
 26 │   x := 1 - x;
    ╰────

  × [ERROR]: pun-fields
    ╭─[<input_path>:28:13]
 27 │ 
 28 │   let _ = { field = field };
    ·             ──────┬──────
    ·                   ╰── Use field punning to to avoid repetition: Replace `{ field = field }` with `{ field }`
 29 │   let _ = switch _ {
    ╰────

  × [ERROR]: no-bool-switch
    ╭─[<input_path>:29:11]
 28 │       let _ = { field = field };
 29 │ ╭─▶   let _ = switch _ {
 30 │ │       case (false) {};
 31 │ │       case (true) {};
 32 │ ├─▶   };
    · ╰──── Don't switch on boolean values, use if instead
 33 │       let _ = switch _ {
    ╰────

  × [ERROR]: no-bool-switch
    ╭─[<input_path>:33:11]
 32 │       };
 33 │ ╭─▶   let _ = switch _ {
 34 │ │       case true {};
 35 │ │       case false {};
 36 │ ├─▶   };
    · ╰──── Don't switch on boolean values, use if instead
 37 │     
    ╰────

  × [ERROR]: unneeded-return
    ╭─[<input_path>:62:5]
 61 │   func unneededReturn() {
 62 │     return 10
    ·     ────┬────
    ·         ╰── unneeded return statement. You can remove the `return`
 63 │   };
    ╰────

  × [ERROR]: unneeded-return
    ╭─[<input_path>:64:27]
 63 │   };
 64 │   func unneededReturn() = return 10;
    ·                           ────┬────
    ·                               ╰── unneeded return statement. You can remove the `return`
 65 │ 
    ╰────

  × [ERROR]: unneeded-return
    ╭─[<input_path>:68:7]
 67 │     if (true) {
 68 │       return 4;
    ·       ────┬───
    ·           ╰── unneeded return statement. You can remove the `return`
 69 │     } else {
    ╰────

  × [ERROR]: unneeded-return
    ╭─[<input_path>:75:15]
 74 │   func unneededReturn() {
 75 │     if (true) return 4
    ·               ────┬───
    ·                   ╰── unneeded return statement. You can remove the `return`
 76 │     else {
    ╰────

  × [ERROR]: unneeded-return
    ╭─[<input_path>:84:14]
 83 │     switch (true) {
 84 │       case 1 return 40;
    ·              ────┬────
    ·                  ╰── unneeded return statement. You can remove the `return`
 85 │       case 2 { return 40; };
    ╰────

  × [ERROR]: unneeded-return
    ╭─[<input_path>:85:16]
 84 │       case 1 return 40;
 85 │       case 2 { return 40; };
    ·                ────┬────
    ·                    ╰── unneeded return statement. You can remove the `return`
 86 │     };
    ╰────
